由于文件 (符号) 而包含了归档成员

lib/orangescrt.a(printf.o)    kernel/main.o (printf)
lib/orangescrt.a(vsprintf.o)  kernel/main.o (vsprintf)
lib/orangescrt.a(string.o)    kernel/start.o (memcpy)
lib/orangescrt.a(misc.o)      kernel/main.o (send_recv)
lib/orangescrt.a(open.o)      kernel/main.o (open)
lib/orangescrt.a(read.o)      kernel/main.o (read)
lib/orangescrt.a(write.o)     kernel/main.o (write)
lib/orangescrt.a(close.o)     kernel/main.o (close)
lib/orangescrt.a(lseek.o)     kernel/main.o (lseek)
lib/orangescrt.a(getpid.o)    kernel/main.o (getpid)
lib/orangescrt.a(stat.o)      mm/exec.o (stat)
lib/orangescrt.a(fork.o)      kernel/main.o (fork)
lib/orangescrt.a(wait.o)      kernel/main.o (wait)
lib/orangescrt.a(exec.o)      kernel/main.o (execv)
lib/orangescrt.a(vim.o)       kernel/main.o (vim)
lib/orangescrt.a(syscall.o)   lib/orangescrt.a(misc.o) (sendrec)

舍弃的输入节

 .note.GNU-stack
                0x00000000        0x0 kernel/start.o
 .note.GNU-stack
                0x00000000        0x0 kernel/main.o
 .note.GNU-stack
                0x00000000        0x0 kernel/clock.o
 .note.GNU-stack
                0x00000000        0x0 kernel/keyboard.o
 .note.GNU-stack
                0x00000000        0x0 kernel/tty.o
 .note.GNU-stack
                0x00000000        0x0 kernel/console.o
 .note.GNU-stack
                0x00000000        0x0 kernel/i8259.o
 .note.GNU-stack
                0x00000000        0x0 kernel/global.o
 .note.GNU-stack
                0x00000000        0x0 kernel/protect.o
 .note.GNU-stack
                0x00000000        0x0 kernel/proc.o
 .note.GNU-stack
                0x00000000        0x0 kernel/systask.o
 .note.GNU-stack
                0x00000000        0x0 kernel/hd.o
 .note.GNU-stack
                0x00000000        0x0 kernel/klib.o
 .note.GNU-stack
                0x00000000        0x0 lib/syslog.o
 .note.GNU-stack
                0x00000000        0x0 mm/main.o
 .note.GNU-stack
                0x00000000        0x0 mm/forkexit.o
 .note.GNU-stack
                0x00000000        0x0 mm/exec.o
 .note.GNU-stack
                0x00000000        0x0 mm/proc_search.o
 .note.GNU-stack
                0x00000000        0x0 fs/main.o
 .note.GNU-stack
                0x00000000        0x0 fs/open.o
 .note.GNU-stack
                0x00000000        0x0 fs/misc.o
 .note.GNU-stack
                0x00000000        0x0 fs/read_write.o
 .note.GNU-stack
                0x00000000        0x0 fs/link.o
 .note.GNU-stack
                0x00000000        0x0 fs/disklog.o
 .note.GNU-stack
                0x00000000        0x0 fs/dir_search.o
 .note.GNU-stack
                0x00000000        0x0 lib/orangescrt.a(printf.o)
 .note.GNU-stack
                0x00000000        0x0 lib/orangescrt.a(vsprintf.o)
 .note.GNU-stack
                0x00000000        0x0 lib/orangescrt.a(misc.o)
 .note.GNU-stack
                0x00000000        0x0 lib/orangescrt.a(open.o)
 .note.GNU-stack
                0x00000000        0x0 lib/orangescrt.a(read.o)
 .note.GNU-stack
                0x00000000        0x0 lib/orangescrt.a(write.o)
 .note.GNU-stack
                0x00000000        0x0 lib/orangescrt.a(close.o)
 .note.GNU-stack
                0x00000000        0x0 lib/orangescrt.a(lseek.o)
 .note.GNU-stack
                0x00000000        0x0 lib/orangescrt.a(getpid.o)
 .note.GNU-stack
                0x00000000        0x0 lib/orangescrt.a(stat.o)
 .note.GNU-stack
                0x00000000        0x0 lib/orangescrt.a(fork.o)
 .note.GNU-stack
                0x00000000        0x0 lib/orangescrt.a(wait.o)
 .note.GNU-stack
                0x00000000        0x0 lib/orangescrt.a(exec.o)
 .note.GNU-stack
                0x00000000        0x0 lib/orangescrt.a(vim.o)

内存配置

名称           来源             长度             属性
*default*        0x00000000         0xffffffff

链结器命令稿和内存映射

段 .text 的地址设置为 0x1000
LOAD kernel/kernel.o
LOAD kernel/start.o
LOAD kernel/main.o
LOAD kernel/clock.o
LOAD kernel/keyboard.o
LOAD kernel/tty.o
LOAD kernel/console.o
LOAD kernel/i8259.o
LOAD kernel/global.o
LOAD kernel/protect.o
LOAD kernel/proc.o
LOAD kernel/systask.o
LOAD kernel/hd.o
LOAD kernel/kliba.o
LOAD kernel/klib.o
LOAD lib/syslog.o
LOAD mm/main.o
LOAD mm/forkexit.o
LOAD mm/exec.o
LOAD mm/proc_search.o
LOAD fs/main.o
LOAD fs/open.o
LOAD fs/misc.o
LOAD fs/read_write.o
LOAD fs/link.o
LOAD fs/disklog.o
LOAD fs/dir_search.o
LOAD lib/orangescrt.a
                [!provide]                        PROVIDE (__executable_start = SEGMENT_START ("text-segment", 0x8048000))
                0x080480d4                        . = (SEGMENT_START ("text-segment", 0x8048000) + SIZEOF_HEADERS)

.interp
 *(.interp)

.note.gnu.build-id
 *(.note.gnu.build-id)

.hash
 *(.hash)

.gnu.hash
 *(.gnu.hash)

.dynsym
 *(.dynsym)

.dynstr
 *(.dynstr)

.gnu.version
 *(.gnu.version)

.gnu.version_d
 *(.gnu.version_d)

.gnu.version_r
 *(.gnu.version_r)

.rel.dyn        0x080480d4        0x0
 *(.rel.init)
 *(.rel.text .rel.text.* .rel.gnu.linkonce.t.*)
 *(.rel.fini)
 *(.rel.rodata .rel.rodata.* .rel.gnu.linkonce.r.*)
 *(.rel.data.rel.ro .rel.data.rel.ro.* .rel.gnu.linkonce.d.rel.ro.*)
 *(.rel.data .rel.data.* .rel.gnu.linkonce.d.*)
 *(.rel.tdata .rel.tdata.* .rel.gnu.linkonce.td.*)
 *(.rel.tbss .rel.tbss.* .rel.gnu.linkonce.tb.*)
 *(.rel.ctors)
 *(.rel.dtors)
 *(.rel.got)
 .rel.got       0x080480d4        0x0 kernel/kernel.o
 *(.rel.bss .rel.bss.* .rel.gnu.linkonce.b.*)
 *(.rel.ifunc)

.rel.plt        0x080480d4        0x0
 *(.rel.plt)
                [!provide]                        PROVIDE (__rel_iplt_start = .)
 *(.rel.iplt)
 .rel.iplt      0x080480d4        0x0 kernel/kernel.o
                [!provide]                        PROVIDE (__rel_iplt_end = .)

.relr.dyn
 *(.relr.dyn)
                0x08049000                        . = ALIGN (CONSTANT (MAXPAGESIZE))

.init
 *(SORT_NONE(.init))

.plt            0x08049000        0x0
 *(.plt)
 *(.iplt)
 .iplt          0x08049000        0x0 kernel/kernel.o

.plt.got
 *(.plt.got)

.plt.sec
 *(.plt.sec)

.text           0x00001000     0xcce8
 *(.text.unlikely .text.*_unlikely .text.unlikely.*)
 *(.text.exit .text.exit.*)
 *(.text.startup .text.startup.*)
 *(.text.hot .text.hot.*)
 *(SORT_BY_NAME(.text.sorted.*))
 *(.text .stub .text.* .gnu.linkonce.t.*)
 .text          0x00001000      0x410 kernel/kernel.o
                0x00001000                _start
                0x00001040                hwint00
                0x00001070                hwint01
                0x000010a0                hwint02
                0x000010d0                hwint03
                0x00001100                hwint04
                0x00001130                hwint05
                0x00001160                hwint06
                0x00001190                hwint07
                0x000011c0                hwint08
                0x000011f0                hwint09
                0x00001220                hwint10
                0x00001250                hwint11
                0x00001280                hwint12
                0x000012b0                hwint13
                0x000012e0                hwint14
                0x00001310                hwint15
                0x00001334                divide_error
                0x0000133a                single_step_exception
                0x00001340                nmi
                0x00001346                breakpoint_exception
                0x0000134c                overflow
                0x00001352                bounds_check
                0x00001358                inval_opcode
                0x0000135e                copr_not_available
                0x00001364                double_fault
                0x00001368                copr_seg_overrun
                0x0000136e                inval_tss
                0x00001372                segment_not_present
                0x00001376                stack_exception
                0x0000137a                general_protection
                0x0000137e                page_fault
                0x00001382                copr_error
                0x000013cb                sys_call
                0x000013eb                restart
 .text          0x00001410       0x95 kernel/start.o
                0x00001410                cstart
 .text          0x000014a5      0xc2f kernel/main.o
                0x000014a5                kernel_main
                0x000017de                get_ticks
                0x00001828                untar
                0x00001ae4                shabby_shell
                0x00001ef3                Init
                0x00002079                TestA
                0x0000207f                TestB
                0x00002085                TestC
                0x0000208b                panic
 .text          0x000020d4      0x109 kernel/clock.o
                0x000020d4                clock_handler
                0x0000215a                milli_delay
                0x00002185                init_clock
 .text          0x000021dd      0x6d2 kernel/keyboard.o
                0x000021dd                keyboard_handler
                0x00002247                init_keyboard
                0x000022f6                keyboard_read
 .text          0x000028af      0xb55 kernel/tty.o
                0x000028af                task_tty
                0x00002ae1                in_process
                0x0000307a                sys_printx
                0x00003218                dump_tty_buf
 .text          0x00003404      0x832 kernel/console.o
                0x00003404                init_screen
                0x0000357e                out_char
                0x000038b2                is_current_console
                0x000039a5                select_console
                0x000039e5                scroll_screen
 .text          0x00003c36      0x131 kernel/i8259.o
                0x00003c36                init_8259A
                0x00003d0c                spurious_irq
                0x00003d43                put_irq_handler
 .text          0x00003d67        0x0 kernel/global.o
 .text          0x00003d67      0x65a kernel/protect.o
                0x00003d67                init_prot
                0x000041ca                seg2linear
                0x00004219                init_desc
                0x00004286                exception_handler
 .text          0x000043c1     0x195d kernel/proc.o
                0x000043c1                schedule_mfqs
                0x00004557                inqueue
                0x000045c1                outqueue
                0x0000470d                sys_sendrec
                0x00004834                ldt_seg_linear
                0x0000487e                va2la
                0x000048df                reset_msg
                0x00005738                inform_int
                0x000058c1                dump_proc
                0x00005bfe                dump_msg
 .text          0x00005d1e      0x2f1 kernel/systask.o
                0x00005d1e                task_sys
 .text          0x0000600f      0xd7e kernel/hd.o
                0x0000600f                task_hd
                0x00006d62                hd_handler
 *fill*         0x00006d8d        0x3 
 .text          0x00006d90      0x19a kernel/kliba.o
                0x00006d90                disp_str
                0x00006dce                disp_color_str
                0x00006e0d                out_byte
                0x00006e19                in_byte
                0x00006e23                port_read
                0x00006e36                port_write
                0x00006e49                disable_irq
                0x00006e7e                enable_irq
                0x00006e9d                disable_int
                0x00006e9f                enable_int
                0x00006ea1                glitter
 .text          0x00006f2a      0x2ae kernel/klib.o
                0x00006f2a                get_boot_params
                0x00006fb0                get_kernel_map
                0x000070be                itoa
                0x00007169                disp_int
                0x00007190                delay
 .text          0x000071d8       0x6f lib/syslog.o
                0x000071d8                syslog
 .text          0x00007247      0x1be mm/main.o
                0x00007247                task_mm
                0x00007380                alloc_mem
                0x000073fb                free_mem
 .text          0x00007405      0x7e3 mm/forkexit.o
                0x00007405                do_fork
                0x0000778e                do_exit
                0x0000797c                do_wait
                0x00007a45                do_kill
 .text          0x00007be8      0x38d mm/exec.o
                0x00007be8                do_exec
 .text          0x00007f75      0x111 mm/proc_search.o
                0x00007f75                do_proc_search
 .text          0x00008086     0x1166 fs/main.o
                0x00008086                task_fs
                0x00008bc2                rw_sector
                0x00008dfc                get_super_block
                0x00008e42                get_inode
                0x00008fa5                put_inode
                0x00008fe3                sync_inode
 .text          0x000091ec      0xb8e fs/open.o
                0x000091ec                do_open
                0x0000970f                do_close
                0x00009786                do_lseek
 .text          0x00009d7a      0x3ae fs/misc.o
                0x00009d7a                do_stat
                0x00009f4b                search_file
                0x0000a0a1                strip_path
 .text          0x0000a128      0x4b6 fs/read_write.o
                0x0000a128                do_rdwt
 .text          0x0000a5de      0x849 fs/link.o
                0x0000a5de                do_unlink
 .text          0x0000ae27     0x1fd6 fs/disklog.o
                0x0000ae27                disklog
                0x0000b3a1                dump_fd_graph
 .text          0x0000cdfd      0x221 fs/dir_search.o
                0x0000cdfd                do_dir_search
 .text          0x0000d01e       0xad lib/orangescrt.a(printf.o)
                0x0000d01e                printf
                0x0000d089                printl
 .text          0x0000d0cb      0x30f lib/orangescrt.a(vsprintf.o)
                0x0000d131                vsprintf
                0x0000d3b4                sprintf
 *fill*         0x0000d3da        0x6 
 .text          0x0000d3e0       0x78 lib/orangescrt.a(string.o)
                0x0000d3e0                memcpy
                0x0000d409                memset
                0x0000d42a                strcpy
                0x0000d442                strlen
 .text          0x0000d458      0x254 lib/orangescrt.a(misc.o)
                0x0000d458                send_recv
                0x0000d517                memcmp
                0x0000d589                strcmp
                0x0000d5f8                strcat
                0x0000d657                spin
                0x0000d673                assertion_failure
 .text          0x0000d6ac       0x79 lib/orangescrt.a(open.o)
                0x0000d6ac                open
 .text          0x0000d725       0x4a lib/orangescrt.a(read.o)
                0x0000d725                read
 .text          0x0000d76f       0x4a lib/orangescrt.a(write.o)
                0x0000d76f                write
 .text          0x0000d7b9       0x3e lib/orangescrt.a(close.o)
                0x0000d7b9                close
 .text          0x0000d7f7       0x4a lib/orangescrt.a(lseek.o)
                0x0000d7f7                lseek
 .text          0x0000d841       0x5c lib/orangescrt.a(getpid.o)
                0x0000d841                getpid
 .text          0x0000d89d       0x79 lib/orangescrt.a(stat.o)
                0x0000d89d                stat
 .text          0x0000d916       0x7c lib/orangescrt.a(fork.o)
                0x0000d916                fork
 .text          0x0000d992       0x4f lib/orangescrt.a(wait.o)
                0x0000d992                wait
 .text          0x0000d9e1      0x252 lib/orangescrt.a(exec.o)
                0x0000d9e1                exec
                0x0000da62                execl
                0x0000da87                execv
 .text          0x0000dc33       0x87 lib/orangescrt.a(vim.o)
                0x0000dc33                vim
 *fill*         0x0000dcba        0x6 
 .text          0x0000dcc0       0x28 lib/orangescrt.a(syscall.o)
                0x0000dcc0                sendrec
                0x0000dcda                printx
 *(.gnu.warning)

.fini
 *(SORT_NONE(.fini))
                [!provide]                        PROVIDE (__etext = .)
                [!provide]                        PROVIDE (_etext = .)
                [!provide]                        PROVIDE (etext = .)
                0x0000e000                        . = ALIGN (CONSTANT (MAXPAGESIZE))
                0x0000e000                        . = SEGMENT_START ("rodata-segment", (ALIGN (CONSTANT (MAXPAGESIZE)) + (. & (CONSTANT (MAXPAGESIZE) - 0x1))))

.rodata         0x0000e000     0x2607
 *(.rodata .rodata.* .gnu.linkonce.r.*)
 .rodata        0x0000e000       0x47 kernel/start.o
 *fill*         0x0000e047        0x1 
 .rodata        0x0000e048      0x200 kernel/main.o
 .rodata        0x0000e248       0x64 kernel/keyboard.o
 .rodata        0x0000e2ac      0x168 kernel/tty.o
 .rodata        0x0000e414       0x5b kernel/console.o
 .rodata        0x0000e46f       0x11 kernel/i8259.o
 .rodata        0x0000e480       0x10 kernel/global.o
                0x0000e480                FSBUF_SIZE
                0x0000e484                MMBUF_SIZE
                0x0000e488                LOGBUF_SIZE
                0x0000e48c                LOGDISKBUF_SIZE
 *fill*         0x0000e490       0x10 
 .rodata        0x0000e4a0      0x580 kernel/protect.o
 .rodata        0x0000ea20      0x5f6 kernel/proc.o
 .rodata        0x0000f016       0x11 kernel/systask.o
 *fill*         0x0000f027        0x1 
 .rodata        0x0000f028      0x144 kernel/hd.o
 .rodata        0x0000f16c       0x6a kernel/klib.o
 .rodata        0x0000f1d6       0x1e lib/syslog.o
 .rodata        0x0000f1f4       0xc9 mm/main.o
 *fill*         0x0000f2bd        0x3 
 .rodata        0x0000f2c0       0xe7 mm/forkexit.o
 *fill*         0x0000f3a7        0x1 
 .rodata        0x0000f3a8       0xa4 mm/exec.o
 .rodata        0x0000f44c      0x28e fs/main.o
 *fill*         0x0000f6da        0x2 
 .rodata        0x0000f6dc      0x1c8 fs/open.o
 .rodata        0x0000f8a4       0x60 fs/misc.o
 .rodata        0x0000f904      0x164 fs/read_write.o
 .rodata        0x0000fa68      0x1ad fs/link.o
 *fill*         0x0000fc15        0x3 
 .rodata        0x0000fc18      0x806 fs/disklog.o
 .rodata        0x0001041e       0x14 lib/orangescrt.a(printf.o)
 *fill*         0x00010432        0x2 
 .rodata        0x00010434       0xad lib/orangescrt.a(misc.o)
 .rodata        0x000104e1       0x23 lib/orangescrt.a(open.o)
 .rodata        0x00010504       0x25 lib/orangescrt.a(getpid.o)
 .rodata        0x00010529       0x23 lib/orangescrt.a(stat.o)
 .rodata        0x0001054c       0x33 lib/orangescrt.a(fork.o)
 *fill*         0x0001057f        0x1 
 .rodata        0x00010580       0x87 lib/orangescrt.a(exec.o)

.rodata1
 *(.rodata1)

.eh_frame_hdr
 *(.eh_frame_hdr)
 *(.eh_frame_entry .eh_frame_entry.*)

.eh_frame       0x00010608     0x1364
 *(.eh_frame)
 .eh_frame      0x00010608       0x38 kernel/start.o
 .eh_frame      0x00010640      0x108 kernel/main.o
                                0x120 (松开之前的大小)
 .eh_frame      0x00010748       0x60 kernel/clock.o
                                 0x78 (松开之前的大小)
 .eh_frame      0x000107a8       0xe0 kernel/keyboard.o
                                 0xf8 (松开之前的大小)
 .eh_frame      0x00010888      0x15c kernel/tty.o
                                0x174 (松开之前的大小)
 .eh_frame      0x000109e4      0x144 kernel/console.o
                                0x15c (松开之前的大小)
 .eh_frame      0x00010b28       0x60 kernel/i8259.o
                                 0x78 (松开之前的大小)
 .eh_frame      0x00010b88       0xb0 kernel/protect.o
                                 0xc8 (松开之前的大小)
 .eh_frame      0x00010c38      0x218 kernel/proc.o
                                0x230 (松开之前的大小)
 .eh_frame      0x00010e50       0x5c kernel/systask.o
                                 0x74 (松开之前的大小)
 .eh_frame      0x00010eac      0x1c0 kernel/hd.o
                                0x1d8 (松开之前的大小)
 .eh_frame      0x0001106c       0xa0 kernel/klib.o
                                 0xb8 (松开之前的大小)
 .eh_frame      0x0001110c       0x20 lib/syslog.o
                                 0x38 (松开之前的大小)
 .eh_frame      0x0001112c       0x7c mm/main.o
                                 0x94 (松开之前的大小)
 .eh_frame      0x000111a8       0xb0 mm/forkexit.o
                                 0xc8 (松开之前的大小)
 .eh_frame      0x00011258       0x2c mm/exec.o
                                 0x44 (松开之前的大小)
 .eh_frame      0x00011284       0x24 mm/proc_search.o
                                 0x3c (松开之前的大小)
 .eh_frame      0x000112a8      0x170 fs/main.o
                                0x188 (松开之前的大小)
 .eh_frame      0x00011418      0x110 fs/open.o
                                0x128 (松开之前的大小)
 .eh_frame      0x00011528       0x68 fs/misc.o
                                 0x80 (松开之前的大小)
 .eh_frame      0x00011590       0x2c fs/read_write.o
                                 0x44 (松开之前的大小)
 .eh_frame      0x000115bc       0x2c fs/link.o
                                 0x44 (松开之前的大小)
 .eh_frame      0x000115e8       0x60 fs/disklog.o
                                 0x78 (松开之前的大小)
 .eh_frame      0x00011648       0x24 fs/dir_search.o
                                 0x3c (松开之前的大小)
 .eh_frame      0x0001166c       0x40 lib/orangescrt.a(printf.o)
                                 0x58 (松开之前的大小)
 .eh_frame      0x000116ac       0x64 lib/orangescrt.a(vsprintf.o)
                                 0x7c (松开之前的大小)
 .eh_frame      0x00011710       0xbc lib/orangescrt.a(misc.o)
                                 0xd4 (松开之前的大小)
 .eh_frame      0x000117cc       0x20 lib/orangescrt.a(open.o)
                                 0x38 (松开之前的大小)
 .eh_frame      0x000117ec       0x20 lib/orangescrt.a(read.o)
                                 0x38 (松开之前的大小)
 .eh_frame      0x0001180c       0x20 lib/orangescrt.a(write.o)
                                 0x38 (松开之前的大小)
 .eh_frame      0x0001182c       0x20 lib/orangescrt.a(close.o)
                                 0x38 (松开之前的大小)
 .eh_frame      0x0001184c       0x20 lib/orangescrt.a(lseek.o)
                                 0x38 (松开之前的大小)
 .eh_frame      0x0001186c       0x20 lib/orangescrt.a(getpid.o)
                                 0x38 (松开之前的大小)
 .eh_frame      0x0001188c       0x20 lib/orangescrt.a(stat.o)
                                 0x38 (松开之前的大小)
 .eh_frame      0x000118ac       0x20 lib/orangescrt.a(fork.o)
                                 0x38 (松开之前的大小)
 .eh_frame      0x000118cc       0x20 lib/orangescrt.a(wait.o)
                                 0x38 (松开之前的大小)
 .eh_frame      0x000118ec       0x60 lib/orangescrt.a(exec.o)
                                 0x78 (松开之前的大小)
 .eh_frame      0x0001194c       0x20 lib/orangescrt.a(vim.o)
                                 0x38 (松开之前的大小)
 *(.eh_frame.*)

.sframe
 *(.sframe)
 *(.sframe.*)

.gcc_except_table
 *(.gcc_except_table .gcc_except_table.*)

.gnu_extab
 *(.gnu_extab*)

.exception_ranges
 *(.exception_ranges*)
                0x00012000                        . = DATA_SEGMENT_ALIGN (CONSTANT (MAXPAGESIZE), CONSTANT (COMMONPAGESIZE))

.eh_frame
 *(.eh_frame)
 *(.eh_frame.*)

.sframe
 *(.sframe)
 *(.sframe.*)

.gnu_extab
 *(.gnu_extab)

.gcc_except_table
 *(.gcc_except_table .gcc_except_table.*)

.exception_ranges
 *(.exception_ranges*)

.tdata          0x00012000        0x0
                [!provide]                        PROVIDE (__tdata_start = .)
 *(.tdata .tdata.* .gnu.linkonce.td.*)

.tbss
 *(.tbss .tbss.* .gnu.linkonce.tb.*)
 *(.tcommon)

.preinit_array  0x00012000        0x0
                [!provide]                        PROVIDE (__preinit_array_start = .)
 *(.preinit_array)
                [!provide]                        PROVIDE (__preinit_array_end = .)

.init_array     0x00012000        0x0
                [!provide]                        PROVIDE (__init_array_start = .)
 *(SORT_BY_INIT_PRIORITY(.init_array.*) SORT_BY_INIT_PRIORITY(.ctors.*))
 *(.init_array EXCLUDE_FILE(*crtend?.o *crtend.o *crtbegin?.o *crtbegin.o) .ctors)
                [!provide]                        PROVIDE (__init_array_end = .)

.fini_array     0x00012000        0x0
                [!provide]                        PROVIDE (__fini_array_start = .)
 *(SORT_BY_INIT_PRIORITY(.fini_array.*) SORT_BY_INIT_PRIORITY(.dtors.*))
 *(.fini_array EXCLUDE_FILE(*crtend?.o *crtend.o *crtbegin?.o *crtbegin.o) .dtors)
                [!provide]                        PROVIDE (__fini_array_end = .)

.ctors
 *crtbegin.o(.ctors)
 *crtbegin?.o(.ctors)
 *(EXCLUDE_FILE(*crtend?.o *crtend.o) .ctors)
 *(SORT_BY_NAME(.ctors.*))
 *(.ctors)

.dtors
 *crtbegin.o(.dtors)
 *crtbegin?.o(.dtors)
 *(EXCLUDE_FILE(*crtend?.o *crtend.o) .dtors)
 *(SORT_BY_NAME(.dtors.*))
 *(.dtors)

.jcr
 *(.jcr)

.data.rel.ro
 *(.data.rel.ro.local* .gnu.linkonce.d.rel.ro.local.*)
 *(.data.rel.ro .data.rel.ro.* .gnu.linkonce.d.rel.ro.*)

.dynamic
 *(.dynamic)

.got            0x00012000        0x0
 *(.got)
 .got           0x00012000        0x0 kernel/kernel.o
 *(.igot)
                0x00012000                        . = DATA_SEGMENT_RELRO_END (., (SIZEOF (.got.plt) >= 0xc)?0xc:0x0)

.got.plt        0x00012000        0x0
 *(.got.plt)
 .got.plt       0x00012000        0x0 kernel/kernel.o
 *(.igot.plt)
 .igot.plt      0x00012000        0x0 kernel/kernel.o

.data           0x00012000      0xa0c
 *(.data .data.* .gnu.linkonce.d.*)
 .data          0x00012000        0x2 kernel/kernel.o
 .data          0x00012002        0x0 kernel/start.o
 .data          0x00012002        0x0 kernel/main.o
 .data          0x00012002        0x0 kernel/clock.o
 *fill*         0x00012002       0x1e 
 .data          0x00012020      0x600 kernel/keyboard.o
                0x00012020                keymap
 .data          0x00012620       0x22 kernel/tty.o
 .data          0x00012642        0x0 kernel/console.o
 .data          0x00012642        0x0 kernel/i8259.o
 *fill*         0x00012642       0x1e 
 .data          0x00012660      0x3ac kernel/global.o
                0x00012660                task_table
                0x00012740                user_proc_table
                0x000127e0                sys_call_table
                0x000127ec                dd_map
                0x00012804                fsbuf
                0x00012808                mmbuf
                0x0001280c                logbuf
                0x00012810                logdiskbuf
                0x00012820                queue
 .data          0x00012a0c        0x0 kernel/protect.o
 .data          0x00012a0c        0x0 kernel/proc.o
 .data          0x00012a0c        0x0 kernel/systask.o
 .data          0x00012a0c        0x0 kernel/hd.o
 .data          0x00012a0c        0x0 kernel/klib.o
 .data          0x00012a0c        0x0 lib/syslog.o
 .data          0x00012a0c        0x0 mm/main.o
 .data          0x00012a0c        0x0 mm/forkexit.o
 .data          0x00012a0c        0x0 mm/exec.o
 .data          0x00012a0c        0x0 mm/proc_search.o
 .data          0x00012a0c        0x0 fs/main.o
 .data          0x00012a0c        0x0 fs/open.o
 .data          0x00012a0c        0x0 fs/misc.o
 .data          0x00012a0c        0x0 fs/read_write.o
 .data          0x00012a0c        0x0 fs/link.o
 .data          0x00012a0c        0x0 fs/disklog.o
 .data          0x00012a0c        0x0 fs/dir_search.o
 .data          0x00012a0c        0x0 lib/orangescrt.a(printf.o)
 .data          0x00012a0c        0x0 lib/orangescrt.a(vsprintf.o)
 .data          0x00012a0c        0x0 lib/orangescrt.a(misc.o)
 .data          0x00012a0c        0x0 lib/orangescrt.a(open.o)
 .data          0x00012a0c        0x0 lib/orangescrt.a(read.o)
 .data          0x00012a0c        0x0 lib/orangescrt.a(write.o)
 .data          0x00012a0c        0x0 lib/orangescrt.a(close.o)
 .data          0x00012a0c        0x0 lib/orangescrt.a(lseek.o)
 .data          0x00012a0c        0x0 lib/orangescrt.a(getpid.o)
 .data          0x00012a0c        0x0 lib/orangescrt.a(stat.o)
 .data          0x00012a0c        0x0 lib/orangescrt.a(fork.o)
 .data          0x00012a0c        0x0 lib/orangescrt.a(wait.o)
 .data          0x00012a0c        0x0 lib/orangescrt.a(exec.o)
 .data          0x00012a0c        0x0 lib/orangescrt.a(vim.o)

.data1
 *(.data1)
                0x00012a0c                        _edata = .
                [!provide]                        PROVIDE (edata = .)
                0x00012a0c                        . = ALIGN (ALIGNOF (NEXT_SECTION))
                0x00012a20                        __bss_start = .

.bss            0x00012a20    0x306e8
 *(.dynbss)
 *(.bss .bss.* .gnu.linkonce.b.*)
 .bss           0x00012a20     0x2000 kernel/kernel.o
 .bss           0x00014a20        0x0 kernel/start.o
 .bss           0x00014a20        0x0 kernel/main.o
 .bss           0x00014a20        0x0 kernel/clock.o
 .bss           0x00014a20       0x58 kernel/keyboard.o
 .bss           0x00014a78        0x0 kernel/tty.o
 .bss           0x00014a78        0x0 kernel/console.o
 .bss           0x00014a78        0x0 kernel/i8259.o
 *fill*         0x00014a78        0x8 
 .bss           0x00014a80    0x2de20 kernel/global.o
                0x00014a80                ticks
                0x00014a84                disp_pos
                0x00014a88                gdt_ptr
                0x00014aa0                gdt
                0x00014ea0                idt_ptr
                0x00014ec0                idt
                0x000156c0                k_reenter
                0x000156c4                current_console
                0x000156c8                key_pressed
                0x000156e0                tss
                0x00015748                p_proc_ready
                0x00015760                mm_msg
                0x000172ec                memory_size
                0x00017300                f_desc_table
                0x00017700                inode_table
                0x00018200                super_block
                0x000183e0                fs_msg
                0x00019f6c                pcaller
                0x00019f70                root_inode
                0x00019f80                proc_table
                0x0001dba0                task_stack
                0x00041ba0                tty_table
                0x00042820                console_table
                0x00042860                irq_table
 .bss           0x000428a0        0x0 kernel/protect.o
 .bss           0x000428a0        0x0 kernel/proc.o
 .bss           0x000428a0        0x0 kernel/systask.o
 .bss           0x000428a0      0x64c kernel/hd.o
                0x000428a0                PARTITION_ENTRY
 .bss           0x00042eec        0x0 kernel/klib.o
 .bss           0x00042eec        0x0 lib/syslog.o
 .bss           0x00042eec        0x0 mm/main.o
 .bss           0x00042eec        0x0 mm/forkexit.o
 .bss           0x00042eec        0x0 mm/exec.o
 .bss           0x00042eec        0x0 mm/proc_search.o
 .bss           0x00042eec        0x0 fs/main.o
 .bss           0x00042eec        0x0 fs/open.o
 .bss           0x00042eec        0x0 fs/misc.o
 .bss           0x00042eec        0x0 fs/read_write.o
 .bss           0x00042eec        0x0 fs/link.o
 *fill*         0x00042eec       0x14 
 .bss           0x00042f00      0x208 fs/disklog.o
 .bss           0x00043108        0x0 fs/dir_search.o
 .bss           0x00043108        0x0 lib/orangescrt.a(printf.o)
 .bss           0x00043108        0x0 lib/orangescrt.a(vsprintf.o)
 .bss           0x00043108        0x0 lib/orangescrt.a(misc.o)
 .bss           0x00043108        0x0 lib/orangescrt.a(open.o)
 .bss           0x00043108        0x0 lib/orangescrt.a(read.o)
 .bss           0x00043108        0x0 lib/orangescrt.a(write.o)
 .bss           0x00043108        0x0 lib/orangescrt.a(close.o)
 .bss           0x00043108        0x0 lib/orangescrt.a(lseek.o)
 .bss           0x00043108        0x0 lib/orangescrt.a(getpid.o)
 .bss           0x00043108        0x0 lib/orangescrt.a(stat.o)
 .bss           0x00043108        0x0 lib/orangescrt.a(fork.o)
 .bss           0x00043108        0x0 lib/orangescrt.a(wait.o)
 .bss           0x00043108        0x0 lib/orangescrt.a(exec.o)
 .bss           0x00043108        0x0 lib/orangescrt.a(vim.o)
 *(COMMON)
                0x00043108                        . = ALIGN ((. != 0x0)?0x4:0x1)
                0x00043108                        . = ALIGN (0x4)
                0x00043108                        . = SEGMENT_START ("ldata-segment", .)
                0x00043108                        . = ALIGN (0x4)
                0x00043108                        _end = .
                [!provide]                        PROVIDE (end = .)
                0x00043108                        . = DATA_SEGMENT_END (.)

.stab
 *(.stab)

.stabstr
 *(.stabstr)

.stab.excl
 *(.stab.excl)

.stab.exclstr
 *(.stab.exclstr)

.stab.index
 *(.stab.index)

.stab.indexstr
 *(.stab.indexstr)

.comment        0x00000000       0x2b
 *(.comment)
 .comment       0x00000000       0x2b kernel/start.o
                                 0x2c (松开之前的大小)
 .comment       0x0000002b       0x2c kernel/main.o
 .comment       0x0000002b       0x2c kernel/clock.o
 .comment       0x0000002b       0x2c kernel/keyboard.o
 .comment       0x0000002b       0x2c kernel/tty.o
 .comment       0x0000002b       0x2c kernel/console.o
 .comment       0x0000002b       0x2c kernel/i8259.o
 .comment       0x0000002b       0x2c kernel/global.o
 .comment       0x0000002b       0x2c kernel/protect.o
 .comment       0x0000002b       0x2c kernel/proc.o
 .comment       0x0000002b       0x2c kernel/systask.o
 .comment       0x0000002b       0x2c kernel/hd.o
 .comment       0x0000002b       0x2c kernel/klib.o
 .comment       0x0000002b       0x2c lib/syslog.o
 .comment       0x0000002b       0x2c mm/main.o
 .comment       0x0000002b       0x2c mm/forkexit.o
 .comment       0x0000002b       0x2c mm/exec.o
 .comment       0x0000002b       0x2c mm/proc_search.o
 .comment       0x0000002b       0x2c fs/main.o
 .comment       0x0000002b       0x2c fs/open.o
 .comment       0x0000002b       0x2c fs/misc.o
 .comment       0x0000002b       0x2c fs/read_write.o
 .comment       0x0000002b       0x2c fs/link.o
 .comment       0x0000002b       0x2c fs/disklog.o
 .comment       0x0000002b       0x2c fs/dir_search.o
 .comment       0x0000002b       0x2c lib/orangescrt.a(printf.o)
 .comment       0x0000002b       0x2c lib/orangescrt.a(vsprintf.o)
 .comment       0x0000002b       0x2c lib/orangescrt.a(misc.o)
 .comment       0x0000002b       0x2c lib/orangescrt.a(open.o)
 .comment       0x0000002b       0x2c lib/orangescrt.a(read.o)
 .comment       0x0000002b       0x2c lib/orangescrt.a(write.o)
 .comment       0x0000002b       0x2c lib/orangescrt.a(close.o)
 .comment       0x0000002b       0x2c lib/orangescrt.a(lseek.o)
 .comment       0x0000002b       0x2c lib/orangescrt.a(getpid.o)
 .comment       0x0000002b       0x2c lib/orangescrt.a(stat.o)
 .comment       0x0000002b       0x2c lib/orangescrt.a(fork.o)
 .comment       0x0000002b       0x2c lib/orangescrt.a(wait.o)
 .comment       0x0000002b       0x2c lib/orangescrt.a(exec.o)
 .comment       0x0000002b       0x2c lib/orangescrt.a(vim.o)

.gnu.build.attributes
 *(.gnu.build.attributes .gnu.build.attributes.*)

.debug
 *(.debug)

.line
 *(.line)

.debug_srcinfo
 *(.debug_srcinfo)

.debug_sfnames
 *(.debug_sfnames)

.debug_aranges
 *(.debug_aranges)

.debug_pubnames
 *(.debug_pubnames)

.debug_info
 *(.debug_info .gnu.linkonce.wi.*)

.debug_abbrev
 *(.debug_abbrev)

.debug_line
 *(.debug_line .debug_line.* .debug_line_end)

.debug_frame
 *(.debug_frame)

.debug_str
 *(.debug_str)

.debug_loc
 *(.debug_loc)

.debug_macinfo
 *(.debug_macinfo)

.debug_weaknames
 *(.debug_weaknames)

.debug_funcnames
 *(.debug_funcnames)

.debug_typenames
 *(.debug_typenames)

.debug_varnames
 *(.debug_varnames)

.debug_pubtypes
 *(.debug_pubtypes)

.debug_ranges
 *(.debug_ranges)

.debug_addr
 *(.debug_addr)

.debug_line_str
 *(.debug_line_str)

.debug_loclists
 *(.debug_loclists)

.debug_macro
 *(.debug_macro)

.debug_names
 *(.debug_names)

.debug_rnglists
 *(.debug_rnglists)

.debug_str_offsets
 *(.debug_str_offsets)

.debug_sup
 *(.debug_sup)

.gnu.attributes
 *(.gnu.attributes)

/DISCARD/
 *(.note.GNU-stack)
 *(.gnu_debuglink)
 *(.gnu.lto_*)
OUTPUT(kernel.bin elf32-i386)
